// Jest Snapshot v1, https://goo.gl/fbAQLP

exports[`TodoItem components matches snapshot 1`] = `
<DocumentFragment>
  <div
    class="todoItem"
  >
    <div
      class="todoItemTitle"
    >
      test title
    </div>
    <div
      class="todoItemDescription"
    >
      test description
    </div>
  </div>
</DocumentFragment>
`;
